
> dusk-card-miniapp@1.0.0 test
> node --test tests/game.test.js tests/storage.test.js tests/pages.test.js tests/migration.test.js tests/combat-content.test.js tests/combat.test.js tests/expedition-ui.test.js

✔ 22位原公仔都有独立战斗身份，初始三人分别覆盖三流派 (1.034875ms)
✔ 44张专属牌和18张通用牌完整入库，字典不丢失或覆盖内容 (0.211667ms)
✔ 所有牌只包含可执行契约原语，升级提供完整且不退化的效果数组 (1.627375ms)
✔ 零费牌不抽牌补能，付费补能牌不产净能量或兼带抽牌 (0.293917ms)
✔ 专属牌具有不同效果结构，不靠改名或单独改数值冒充独特技能 (0.204959ms)
✔ 22被动与18遗物均有真实触发时机、目标和一次触发频率 (0.182167ms)
✔ 牌面准确公开新版标记、虚弱、回响与保盾语义及升级数值 (0.170875ms)
✔ 三个区域各有4普通、2精英和1个双阶段Boss，召唤绝不越区 (0.274709ms)
✔ Boss使用可见的防御与蓄力序列，灯市Boss两阶段召唤不同普通怪 (0.089458ms)
✔ 每区事件提供两种明确收益路线，难度只公开约定倍数和词缀 (0.224125ms)
✔ 出发固定三人、12张起始牌和九节点，同种子产生相同路线与首手 (4.005792ms)
✔ 区域和难度顺序解锁，主线在途/重复出发/无效seed均拒绝 (0.495292ms)
✔ SSR/UR开局仅一次专属牌升级，稀有度数值不超过12% (2.278417ms)
✔ 执行和预览使用同一结算，预览不会消耗RNG或修改存档 (1.06725ms)
✔ 手牌UID和目标实例ID严格校验，同张牌不能重复打出 (0.702458ms)
✔ 62张牌基础与升级效果均通过实际resolver，覆盖全部11种效果 (22.7675ms)
✔ 标记逐次消耗、虚弱降主动伤害、回响只追加首个伤害效果 (0.310416ms)
✔ 生命变化字段区分直接伤害、回响、灼烧扣血、治疗与状态施加 (1.231791ms)
✔ 培养档案专属牌和真实牌组共用等级稀有度缩放，被动保持实际固定值 (1.091709ms)
✔ 护盾按回合清理，留盾次数消费，反击多次响应且不互相循环 (0.507166ms)
✔ 灼烧无视护盾、倒下者卡牌暂退、胜利后25%生命归队 (0.64925ms)
✔ 致命受击仍完成此次反击，有存活队友则胜后以25%生命归队 (0.259209ms)
✔ 双方最后单位被同次攻击及反击同时击倒时判失败，不领取Boss奖励 (0.454541ms)
✔ 抽牌触及八张上限立即停止，空抽牌堆只洗入当前弃牌且不重复实例 (0.455709ms)
✔ 18件遗物每件实际触发，turn/battle限额和被动不链触发生效 (2.511792ms)
✔ 22位旅伴被动各自真实触发，其他人的出牌不会冒领本人触发 (3.405209ms)
✔ 营地治疗与选牌升级互斥，事件治疗按点数且随机升级可复现 (1.288ms)
✔ 双阶段切换不结算胜利，敌行动中被反击破甲不跳过第二阶段首意图 (0.252458ms)
✔ 召唤最多三个敌人，生成新实例且不能将内容ID作为攻击目标 (0.525375ms)
✔ 三个区域三难度均完整结算，难度奖励倍率与邮票正确 (51.972916ms)
✔ 困难护甲与夜行第三回合增伤真实生效，意图展示与伤害一致 (0.557083ms)
✔ 多敌意图按真实endTurn顺序演算，前排倒下后的后续目标与护盾损失一致 (0.766458ms)
✔ 九节点奖励即时入库，双阶段Boss和区域首通票只发一次 (11.533625ms)
✔ 奖励阶段重复领取被拒绝，撤退或失败保留已入库星线 (0.684708ms)
✔ 1至10级费用逐级上涨、成长只影响下次出发，满级与在途拒绝 (0.5165ms)
✔ 存档边界拒绝损坏的实例ID、牌堆重复、非法阶段和主线冲突 (1.361208ms)
✔ 三支1级R队伍用真实出牌通关普通首本，每局确有六场战斗 (312.726209ms)
ℹ 真实策略模拟 [{"team":"sheep/orangecat/nav","wins":"3/3","ordinaryTurns":[2,3],"bossTurns":[7,8]},{"team":"ramen/sushi/burger","wins":"3/3","ordinaryTurns":[2,3],"bossTurns":[7,8]},{"team":"tea/sunset/moon","wins":"3/3","ordinaryTurns":[2,3],"bossTurns":[7,9]}]
✔ 大厅出发和地图进入正确，选牌选目标不写，确认只提交一次且重复确认不再扣费 (14.136458ms)
✔ 卡牌预览、卡组、日志、敌人详情及撤退询问均为只读界面事件 (8.352792ms)
✔ 灼烧与敌人攻击的生命飘字来自实际生命变化，不能显示为治疗 (2.099291ms)
✔ 动画期间切走页面取消计时器，重新显示不重算或重放已结算行动 (2.980917ms)
✔ 确认出牌保存失败时不扣能量、不改生命与牌堆，也不启动动画 (2.443917ms)
✔ 高稀有开局升级和营地升级/休息事件正确映射到公开动作 (4.353542ms)
✔ 卡牌领取/跳过、遗物领取和奇遇选择使用正确ID，重复领取不重复结算 (4.978625ms)
✔ 关闭已胜利的结算只清除回执，重复关闭不再获得星线或Boss邮票 (1.115042ms)
✔ 新存档有六张邮票、三位 R 伙伴和独立收藏 (1.190875ms)
✔ 最高稀有度提供基础倍率，同款重复才加羁绊且最多三点 (0.486792ms)
✔ 抽取概率边界 0 得到 R (0.394875ms)
✔ 抽取概率边界 0.599999 得到 R (0.102584ms)
✔ 抽取概率边界 0.6 得到 SR (0.085292ms)
✔ 抽取概率边界 0.879999 得到 SR (0.066ms)
✔ 抽取概率边界 0.88 得到 SSR (0.087875ms)
✔ 抽取概率边界 0.979999 得到 SSR (0.08225ms)
✔ 抽取概率边界 0.98 得到 UR (0.071416ms)
✔ 抽取概率边界 0.999999 得到 UR (0.09825ms)
✔ 第十抽保证 SSR 以上，SSR 重置十抽计数但保留 UR 计数 (0.1125ms)
✔ SSR 保底时自然抽到 UR 不会被降级，两个计数都重置 (0.069084ms)
✔ 第四十抽 UR 保底优先于 SSR，五连内部连续计算保底 (0.078334ms)
✔ 五连中的 SSR 保底在正确一抽触发 (0.07075ms)
✔ 四十次低概率结果会每十抽 SSR，第四十抽 UR (0.146875ms)
✔ 家族均匀索引覆盖首尾，五连新伙伴与重复标记逐抽更新 (0.110708ms)
✔ 余额不足、非法数量或随机数拒绝且不改原存档 (0.248833ms)
✔ 五连中途随机输入出错不会扣除邮票或写入部分抽取 (0.115583ms)
✔ 恰好三位不同的已拥有伙伴才能编队，输入和外部数组不被复用 (0.228167ms)
✔ 队伍属性等于三位伙伴当前属性之和 (0.156583ms)
✔ 章节按顺序解锁，旅途中不能换队或另开，开始时清除旧结局 (0.261542ms)
✔ 选择用出发属性快照，及格含等号，结果按成功失败各自推进 (0.22075ms)
✔ 旅途中抽到高稀有卡不改变已经确定的属性快照 (0.096125ms)
✔ 未开旅程、未知选项、重复选项和跳过反馈都明确拒绝 (0.175375ms)
✔ 完整四章都可用初始队伍完成，首通各奖励三邮票 (0.275ms)
✔ 重读奖励一邮票，可收集第二结局，通关和结局均去重 (0.143583ms)
✔ 结局分数平手时走温柔结局 (0.093625ms)
✔ 本地存档边界接受实际游戏每一步并返回原对象 (3.1935ms)
✔ 损坏数值、收藏、编队和结局存档拒绝，原数据保留 (0.972584ms)
✔ 损坏旅程、反馈和通关结局存档在载入时拒绝 (0.961417ms)
✔ 新存档是v2，冒险默认数据完整且各次创建互不共享 (2.58525ms)
✔ 合法v1完整迁移收藏、保底、途中剧情快照和额外字段，不修改原对象 (0.930167ms)
✔ v1未关闭的章节结局及奖励原样保留，迁移不重复发放邮票 (0.409042ms)
✔ v2迁移接口返回原对象，已有冒险等级、星线和进度不重建 (2.404625ms)
✔ 迁移必须先保存完整v1备份，再写同一个主KEY，全部成功才开放状态 (0.999667ms)
✔ 备份失败时不尝试主写、不开新档，原收藏与进度保持不动 (0.775167ms)
✔ 主写失败时保留原主档和完整备份，state保持null并阻止后续提交 (0.905417ms)
✔ 主写结果不确定也不开放内存状态，原始v1仍能从备份取回 (1.0665ms)
✔ 坏v1、未知版本和冲突冒险字段不迁移，备份与主档都不覆盖 (4.142209ms)
✔ 损坏v2冒险字段不得以默认值修复覆盖 (2.627292ms)
✔ 隔离副本只替换主KEY，迁移备份KEY随之派生而不写真实存档 (0.773041ms)
✔ 主线和副本双向互斥，远行中禁止换队，结束远行后恢复原玩法 (0.9035ms)
✔ 首页单封抽取真实扣票并仅提交一次，结果打开时重复抽取不结算 (6.725291ms)
✔ 五封逐封揭晓和全部拆开只改变展示，均不额外提交存档 (1.047167ms)
✔ 重复点同封、重复全部拆开和无效编号不会增加揭晓数量或写入 (0.836833ms)
✔ 未拆即关闭仍保留已入库伙伴，下一批来信重置揭晓状态 (0.823875ms)
✔ 抽取保存失败时不消费邮票、不打开揭晓，也不留下抽取结果 (0.72475ms)
✔ 编队开始选择和取消仅改变面板，不换队也不写入存档 (2.31025ms)
✔ 回看和关闭已收集结局不开始重读、不领奖、不写入存档 (1.611333ms)
✔ 新旅途正常保存到独立存档，再提交画面状态 (4.0775ms)
✔ 已有合法存档直接读取，不在启动时重写 (1.126667ms)
✔ 重开小程序保留当前回信，继续后正确保存下一幕 (0.990875ms)
✔ 写入失败时原状态不提交，资源与奖励不变化 (0.714916ms)
✔ 无法识别的存档版本禁止新建覆盖，并保留原记录 (0.529209ms)
✔ 损坏存档内容保持只读，禁止静默新建或提交覆盖 (2.49225ms)
✔ 读取存档失败时不覆盖存档 (0.430458ms)
ℹ tests 101
ℹ suites 0
ℹ pass 101
ℹ fail 0
ℹ cancelled 0
ℹ skipped 0
ℹ todo 0
ℹ duration_ms 500.708583
