✔ 新存档有六张邮票、三位 R 伙伴和独立收藏 (1.076583ms)
✔ 最高稀有度提供基础倍率，同款重复才加羁绊且最多三点 (0.441292ms)
✔ 抽取概率边界 0 得到 R (0.241125ms)
✔ 抽取概率边界 0.599999 得到 R (0.077958ms)
✔ 抽取概率边界 0.6 得到 SR (0.064541ms)
✔ 抽取概率边界 0.879999 得到 SR (0.062042ms)
✔ 抽取概率边界 0.88 得到 SSR (0.41ms)
✔ 抽取概率边界 0.979999 得到 SSR (0.064875ms)
✔ 抽取概率边界 0.98 得到 UR (0.059875ms)
✔ 抽取概率边界 0.999999 得到 UR (0.088ms)
✔ 第十抽保证 SSR 以上，SSR 重置十抽计数但保留 UR 计数 (0.091708ms)
✔ SSR 保底时自然抽到 UR 不会被降级，两个计数都重置 (0.07ms)
✔ 第四十抽 UR 保底优先于 SSR，五连内部连续计算保底 (0.073541ms)
✔ 五连中的 SSR 保底在正确一抽触发 (0.059959ms)
✔ 四十次低概率结果会每十抽 SSR，第四十抽 UR (0.116ms)
✔ 家族均匀索引覆盖首尾，五连新伙伴与重复标记逐抽更新 (0.193375ms)
✔ 余额不足、非法数量或随机数拒绝且不改原存档 (0.363792ms)
✔ 五连中途随机输入出错不会扣除邮票或写入部分抽取 (0.0965ms)
✔ 恰好三位不同的已拥有伙伴才能编队，输入和外部数组不被复用 (0.223292ms)
✔ 队伍属性等于三位伙伴当前属性之和 (0.145042ms)
✔ 章节按顺序解锁，旅途中不能换队或另开，开始时清除旧结局 (0.246167ms)
✔ 选择用出发属性快照，及格含等号，结果按成功失败各自推进 (0.213542ms)
✔ 旅途中抽到高稀有卡不改变已经确定的属性快照 (0.0905ms)
✔ 未开旅程、未知选项、重复选项和跳过反馈都明确拒绝 (0.154958ms)
✔ 完整四章都可用初始队伍完成，首通各奖励三邮票 (0.255333ms)
✔ 重读奖励一邮票，可收集第二结局，通关和结局均去重 (0.13625ms)
✔ 结局分数平手时走温柔结局 (0.087292ms)
✔ 本地存档边界接受实际游戏每一步并返回原对象 (1.1445ms)
✔ 损坏数值、收藏、编队和结局存档拒绝，原数据保留 (0.913125ms)
✔ 损坏旅程、反馈和通关结局存档在载入时拒绝 (1.2255ms)
✔ 新旅途正常保存到独立存档，再提交画面状态 (2.024833ms)
✔ 已有合法存档直接读取，不在启动时重写 (0.713625ms)
✔ 重开小程序保留当前回信，继续后正确保存下一幕 (0.735333ms)
✔ 写入失败时原状态不提交，资源与奖励不变化 (0.626708ms)
✔ 无法识别的存档版本禁止新建覆盖，并保留原记录 (0.535666ms)
✔ 损坏存档内容保持只读，禁止静默新建或提交覆盖 (2.440041ms)
✔ 读取存档失败时不覆盖存档 (0.534791ms)
ℹ tests 37
ℹ suites 0
ℹ pass 37
ℹ fail 0
ℹ cancelled 0
ℹ skipped 0
ℹ todo 0
ℹ duration_ms 66.545708
