✓ 实际KEY属于指定隔离副本
✓ 战术classic只更改待出发方案
✓ 战术relay只更改待出发方案
✓ 战术reserve只更改待出发方案
✓ 战术weather只更改待出发方案
✓ 战术relay只更改待出发方案
✓ 选中打法成为12张固定起手快照
→ 0-map
✓ 真实点击与共享规则预览及RNG完全一致
→ 0-battle
✓ 原生目标预览允许确认
✓ 真实点击与共享规则预览及RNG完全一致
✓ 原生目标预览允许确认
✓ 真实点击与共享规则预览及RNG完全一致
✓ 真实点击与共享规则预览及RNG完全一致
✓ 原生目标预览允许确认
✓ 真实点击与共享规则预览及RNG完全一致
✓ 原生目标预览允许确认
✓ 真实点击与共享规则预览及RNG完全一致
✓ 原生目标预览允许确认
✓ 真实点击与共享规则预览及RNG完全一致
✓ 原生目标预览允许确认
✓ 真实点击与共享规则预览及RNG完全一致
✓ 原生目标预览允许确认
✓ 真实点击与共享规则预览及RNG完全一致
✓ 本次原生运行控制台error为空
pass-in-progress: /var/folders/_4/8v6tx5gx30qgb8l4648rn5tr0000gn/T/dusk-tactics-runtime-sjDfFh
