mode: scout
prerequisites: prepare-acceptance 生成的隔离副本，允许保留历史通关、材料与养成；当前没有未完成远行或进行中的主线来信；从黄昏邮街普通难度正常出发；不注入存档、手牌、牌序、生命、资源或 RNG
✓ 实际 KEY 属于指定隔离副本
✓ 验收开始时没有未完成远行
✓ 验收前没有进行中的主线来信
✓ 战术选择仅改变出发界面
✓ 真实出发使用指定战术、当前三位旅伴和12张起手牌
✓ 真实入口为黄昏邮街普通难度
✓ 完成可能存在的开局升级后进入路线图
✓ 选择公开的首个普通战斗节点与源引擎结算完全一致
✓ 路线点击后进入真实战斗
✓ 自然结束第1回合继续抽牌与源引擎结算完全一致
✓ 最多自然结束4回合后抽到观星牌
✓ 卡牌详情直达scout说明
✓ scout说明末尾完整可读
✓ 说明返回原卡牌详情
✓ 查看说明和滚动没有改变存档或 RNG
✓ 0费观星的实际确认预览可用
✓ 真实出牌自然产生3张公开观星候选
✓ 观星不扣能量且源牌本战移出循环
✓ 界面候选顺序与已公开存档一致
✓ 最后一个观星选择按钮可滚动看到且至少44px
✓ 离开再续玩不改变候选、资源、牌区或 RNG
✓ 续玩后候选顺序仍逐字相同
✓ 公开候选后回放源牌结算完全一致
✓ 选择候选与源引擎结算完全一致
✓ 选中原牌进入手牌且不复制实例
✓ 其余候选按展示顺序位于牌堆底
✓ 本次原生验收控制台 error 为空
pass: /var/folders/_4/8v6tx5gx30qgb8l4648rn5tr0000gn/T/dusk-tactical-scout-azWKNn
