mode: environment
prerequisites: prepare-acceptance 生成的隔离副本，允许保留历史通关、材料与养成；当前没有未完成远行或进行中的主线来信；从黄昏邮街普通难度正常出发；不注入存档、手牌、牌序、生命、资源或 RNG
✓ 实际 KEY 属于指定隔离副本
✓ 验收开始时没有未完成远行
✓ 验收前没有进行中的主线来信
✓ 战术选择仅改变出发界面
✓ 真实出发使用指定战术、当前三位旅伴和12张起手牌
✓ 真实入口为黄昏邮街普通难度
✓ 完成可能存在的开局升级后进入路线图
✓ 选择公开的首个普通战斗节点与源引擎结算完全一致
✓ 路线点击后进入真实战斗
✓ 最多自然结束4回合后抽到雨幕牌
✓ 当前真实目标预览允许确认
✓ 0费雨幕与源引擎结算完全一致且不扣能量
✓ 真实战场进入雨幕且敌意图和源引擎同步
✓ 当前敌方直接攻击预览逐段降低2点
✓ 当前场面按钮直达环境说明
✓ 环境说明末尾完整可读
✓ 查看环境说明没有改变存档或 RNG
✓ 雨幕中的敌方行动和下回合开始与源引擎结算完全一致
✓ 雨幕在下个己方回合开始清空
✓ 环境清空后的敌意图仍与源引擎同步
✓ 本次原生验收控制台 error 为空
pass: /var/folders/_4/8v6tx5gx30qgb8l4648rn5tr0000gn/T/dusk-tactical-environment-X9cooe
