✓ 实际KEY属于指定隔离副本
✓ 回执确认按钮完整可见且不小于44px
✓ 回执持续保留且展示期间不重复结算
✓ 查看战利品只关闭回执、不再次发奖
→ 0-cardReward
✓ 真实点击与共享规则预览及RNG完全一致
→ 1-map
✓ 真实点击与共享规则预览及RNG完全一致
→ 1-battle
✓ 原生目标预览允许确认
✓ 真实点击与共享规则预览及RNG完全一致
✓ 原生目标预览允许确认
✓ 真实点击与共享规则预览及RNG完全一致
✓ 原生目标预览允许确认
✓ 真实点击与共享规则预览及RNG完全一致
✓ 真实点击与共享规则预览及RNG完全一致
✓ 原生目标预览允许确认
✓ 真实点击与共享规则预览及RNG完全一致
✓ 真实点击与共享规则预览及RNG完全一致
✓ 原生目标预览允许确认
✓ 真实点击与共享规则预览及RNG完全一致
✓ 回执确认按钮完整可见且不小于44px
✓ 回执持续保留且展示期间不重复结算
✓ 查看战利品只关闭回执、不再次发奖
→ 1-cardReward
✓ 真实点击与共享规则预览及RNG完全一致
→ 2-map
✓ 真实点击与共享规则预览及RNG完全一致
→ 2-event
✓ 真实点击与共享规则预览及RNG完全一致
→ 3-map
✓ 真实点击与共享规则预览及RNG完全一致
→ 3-battle
✓ 原生目标预览允许确认
✓ 真实点击与共享规则预览及RNG完全一致
✓ 真实点击与共享规则预览及RNG完全一致
✓ 原生目标预览允许确认
✓ 真实点击与共享规则预览及RNG完全一致
✓ 原生目标预览允许确认
✓ 真实点击与共享规则预览及RNG完全一致
✓ 真实点击与共享规则预览及RNG完全一致
✓ 原生目标预览允许确认
✓ 真实点击与共享规则预览及RNG完全一致
✓ 原生目标预览允许确认
✓ 真实点击与共享规则预览及RNG完全一致
✓ 真实点击与共享规则预览及RNG完全一致
✓ 真实点击与共享规则预览及RNG完全一致
✓ 原生目标预览允许确认
✓ 真实点击与共享规则预览及RNG完全一致
✓ 原生目标预览允许确认
✓ 真实点击与共享规则预览及RNG完全一致
✓ 原生目标预览允许确认
✓ 真实点击与共享规则预览及RNG完全一致
✓ 回执确认按钮完整可见且不小于44px
✓ 回执持续保留且展示期间不重复结算
✓ 查看战利品只关闭回执、不再次发奖
→ 3-cardReward
✓ 真实点击与共享规则预览及RNG完全一致
→ 4-map
✓ 真实点击与共享规则预览及RNG完全一致
→ 4-camp
未映射实际点击 chooseUpgrade
fail: /var/folders/_4/8v6tx5gx30qgb8l4648rn5tr0000gn/T/dusk-tactics-runtime-Dimoiy
