mode: intercept
prerequisites: prepare-acceptance 生成的隔离副本，允许保留历史通关、材料与养成；当前没有未完成远行或进行中的主线来信；从黄昏邮街普通难度正常出发；不注入存档、手牌、牌序、生命、资源或 RNG
✓ 实际 KEY 属于指定隔离副本
✓ 验收开始时没有未完成远行
✓ 验收前没有进行中的主线来信
✓ 战术选择仅改变出发界面
✓ 真实出发使用指定战术、当前三位旅伴和12张起手牌
✓ 真实入口为黄昏邮街普通难度
✓ 完成可能存在的开局升级后进入路线图
✓ 选择公开的首个普通战斗节点与源引擎结算完全一致
✓ 路线点击后进入真实战斗
✓ 自然结束第1回合继续抽牌与源引擎结算完全一致
✓ 自然结束第2回合继续抽牌与源引擎结算完全一致
✓ 当前真实目标预览允许确认
✓ 公开候选后发现源牌结算完全一致
✓ 自然选择护卫机会牌与源引擎一致
✓ 当前真实目标预览允许确认
✓ 将护卫机会牌打给非原目标队友与源引擎结算完全一致
✓ 单体敌意图在界面和源引擎中同步改向
✓ 敌方单体攻击触发一次护卫并与源引擎一致
✓ 本次原生验收控制台 error 为空
pass: /var/folders/_4/8v6tx5gx30qgb8l4648rn5tr0000gn/T/dusk-tactical-intercept-QQthJ4
