✓ 实际KEY属于指定隔离副本
→ 4-camp
✓ 真实点击与共享规则预览及RNG完全一致
→ 4-campUpgrade
✓ 真实点击与共享规则预览及RNG完全一致
→ 5-map
✓ 真实点击与共享规则预览及RNG完全一致
→ 5-battle
✓ 原生目标预览允许确认
✓ 真实点击与共享规则预览及RNG完全一致
✓ 原生目标预览允许确认
✓ 真实点击与共享规则预览及RNG完全一致
✓ 真实点击与共享规则预览及RNG完全一致
✓ 真实点击与共享规则预览及RNG完全一致
✓ 原生目标预览允许确认
✓ 真实点击与共享规则预览及RNG完全一致
✓ 原生目标预览允许确认
✓ 真实点击与共享规则预览及RNG完全一致
✓ 真实点击与共享规则预览及RNG完全一致
✓ 原生目标预览允许确认
✓ 真实点击与共享规则预览及RNG完全一致
✓ 真实点击与共享规则预览及RNG完全一致
✓ 原生目标预览允许确认
✓ 真实点击与共享规则预览及RNG完全一致
✓ 真实点击与共享规则预览及RNG完全一致
✓ 原生目标预览允许确认
✓ 真实点击与共享规则预览及RNG完全一致
✓ 原生目标预览允许确认
✓ 真实点击与共享规则预览及RNG完全一致
✓ 回执确认按钮完整可见且不小于44px
✓ 回执持续保留且展示期间不重复结算
✓ 查看战利品只关闭回执、不再次发奖
→ 5-relicReward
✓ 真实点击与共享规则预览及RNG完全一致
→ 6-map
✓ 真实点击与共享规则预览及RNG完全一致
→ 6-relicReward
✓ 真实点击与共享规则预览及RNG完全一致
→ 7-map
✓ 真实点击与共享规则预览及RNG完全一致
→ 7-battle
✓ 原生目标预览允许确认
✓ 真实点击与共享规则预览及RNG完全一致
✓ 原生目标预览允许确认
✓ 真实点击与共享规则预览及RNG完全一致
✓ 真实点击与共享规则预览及RNG完全一致
✓ 真实点击与共享规则预览及RNG完全一致
✓ 原生目标预览允许确认
✓ 真实点击与共享规则预览及RNG完全一致
✓ 原生目标预览允许确认
✓ 真实点击与共享规则预览及RNG完全一致
✓ 真实点击与共享规则预览及RNG完全一致
✓ 真实点击与共享规则预览及RNG完全一致
✓ 原生目标预览允许确认
✓ 真实点击与共享规则预览及RNG完全一致
✓ 回执确认按钮完整可见且不小于44px
✓ 回执持续保留且展示期间不重复结算
✓ 查看战利品只关闭回执、不再次发奖
→ 7-cardReward
✓ 真实点击与共享规则预览及RNG完全一致
→ 8-map
✓ 真实点击与共享规则预览及RNG完全一致
→ 8-battle
✓ 原生目标预览允许确认
✓ 真实点击与共享规则预览及RNG完全一致
✓ 原生目标预览允许确认
✓ 真实点击与共享规则预览及RNG完全一致
✓ 真实点击与共享规则预览及RNG完全一致
✓ 真实点击与共享规则预览及RNG完全一致
✓ 原生目标预览允许确认
✓ 真实点击与共享规则预览及RNG完全一致
✓ 原生目标预览允许确认
✓ 真实点击与共享规则预览及RNG完全一致
✓ 原生目标预览允许确认
✓ 真实点击与共享规则预览及RNG完全一致
✓ 真实点击与共享规则预览及RNG完全一致
✓ 原生目标预览允许确认
✓ 真实点击与共享规则预览及RNG完全一致
✓ 原生目标预览允许确认
✓ 真实点击与共享规则预览及RNG完全一致
✓ 真实点击与共享规则预览及RNG完全一致
✓ 真实点击与共享规则预览及RNG完全一致
✓ 原生目标预览允许确认
✓ 真实点击与共享规则预览及RNG完全一致
✓ 原生目标预览允许确认
✓ 真实点击与共享规则预览及RNG完全一致
✓ 真实点击与共享规则预览及RNG完全一致
✓ 原生目标预览允许确认
✓ 真实点击与共享规则预览及RNG完全一致
✓ 原生目标预览允许确认
✓ 真实点击与共享规则预览及RNG完全一致
✓ 真实点击与共享规则预览及RNG完全一致
✓ 原生目标预览允许确认
✓ 真实点击与共享规则预览及RNG完全一致
✓ 真实点击与共享规则预览及RNG完全一致
✓ 原生目标预览允许确认
✓ 真实点击与共享规则预览及RNG完全一致
✓ 回执确认按钮完整可见且不小于44px
✓ 回执持续保留且展示期间不重复结算
✓ 正常实玩完成首领通关
✓ 本次原生运行控制台error为空
pass: /var/folders/_4/8v6tx5gx30qgb8l4648rn5tr0000gn/T/dusk-tactics-runtime-AWufLG
