✔ 大厅出发和地图进入正确，选牌选目标不写，确认只提交一次且重复确认不再扣费 (19.585625ms)
✔ 大厅起手战术选择只改页面，出发保存12张牌与3张替换且远行中不可改选 (1.997959ms)
✔ 大厅起手战术保存失败不启动远行或扣资源 (1.677375ms)
✔ 入场图结束后呈现真实持续状态，期间可选牌，后续施招和受击仍只结算一次 (8.436292ms)
✔ 本队动作包加载失败仍可继续已出发远行，且不重复提交 (2.061042ms)
✔ 准备动作素材期间切走不在后台强行导航，回来后可接续同一队伍 (2.185833ms)
✔ 八种动作图谱只是图片预览，受控或退场预览不施加效果、不变更选牌与存档 (5.745084ms)
✔ 全队倒下使用真实退场图片，动画结束不改失败回执或资源 (5.16525ms)
✔ 卡牌预览、卡组、日志、敌人详情及撤退询问均为只读界面事件 (5.29575ms)
✔ 攻击护盾灼烧虚弱和召唤意图拆成目标/效果两行，无行动提示完整保留 (10.842375ms)
✔ 灼烧与敌人攻击的生命飘字来自实际生命变化，不能显示为治疗 (3.099583ms)
✔ 敌人仅按实际行动事件前冲或施法，重复结束回合只提交一次且表现不消耗随机数 (20.44525ms)
✔ 击败部分敌人保留原排位至受击阶段结束，不重复结算 (5.897041ms)
✔ 最后一敌退场时奖励已入库，后台清理后立即领取且不重放退场 (5.22075ms)
✔ 普通与精英胜利回执等待玩家确认，并只展示真实战斗收益 (9.327ms)
✔ Boss行动完整经过800蓄势、1200命中读数与300间歇，读数结束前不会换帧 (3.776625ms)
✔ Boss切阶段显示新阶段出场图，最终击败才退场且邮票奖励不等待动画 (11.435916ms)
✔ 动画期间切走页面取消计时器，重新显示不重算或重放已结算行动 (4.714334ms)
✔ 致命出牌保存失败时不改资源与战局，也不显示成功退场 (2.288958ms)
✔ 出牌声在保存后播放，后台取消尚未发生的命中音 (4.7615ms)
✔ 首领战选择首领音乐，战后选牌和城镇恢复对应场景且不改进度 (4.058584ms)
✔ 状态说明从记录打开可切全部机制，返回与关闭不改存档或选牌 (6.250625ms)
✔ 单位详情进入状态说明会展示真实当前值，返回仍是原单位 (2.214625ms)
✔ 高稀有开局升级和营地升级/休息事件正确映射到公开动作 (6.891625ms)
✔ 卡牌领取/跳过、遗物领取和奇遇选择使用正确ID，重复领取不重复结算 (7.782291ms)
✔ 关闭已胜利的结算只清除回执，重复关闭不再获得星线或Boss邮票 (1.599417ms)
✔ 蓄能HUD和连锁说明读取共享战局，不把全队资源误显示成个人状态 (4.408916ms)
✔ 发现与观星候选持久化，返回重开仍相同，选择只提交一次且不自动打出 (13.729916ms)
✔ 发现卡保存失败不展示候选、不消耗原牌；改签付费但不触发连锁 (2.844708ms)
✔ 环境从真实出牌进入HUD与说明，回合结束按规则消退 (7.182583ms)
ℹ tests 30
ℹ suites 0
ℹ pass 30
ℹ fail 0
ℹ cancelled 0
ℹ skipped 0
ℹ todo 0
ℹ duration_ms 256.851833
