✔ 新存档有六张邮票、三位 R 伙伴和独立收藏 (1.15125ms)
✔ 最高稀有度提供基础倍率，同款重复才加羁绊且最多三点 (0.473167ms)
✔ 抽取概率边界 0 得到 R (0.25775ms)
✔ 抽取概率边界 0.599999 得到 R (0.088375ms)
✔ 抽取概率边界 0.6 得到 SR (0.069875ms)
✔ 抽取概率边界 0.879999 得到 SR (0.074625ms)
✔ 抽取概率边界 0.88 得到 SSR (0.698291ms)
✔ 抽取概率边界 0.979999 得到 SSR (0.095291ms)
✔ 抽取概率边界 0.98 得到 UR (0.075083ms)
✔ 抽取概率边界 0.999999 得到 UR (0.10025ms)
✔ 第十抽保证 SSR 以上，SSR 重置十抽计数但保留 UR 计数 (0.146834ms)
✔ SSR 保底时自然抽到 UR 不会被降级，两个计数都重置 (0.066167ms)
✔ 第四十抽 UR 保底优先于 SSR，五连内部连续计算保底 (0.077958ms)
✔ 五连中的 SSR 保底在正确一抽触发 (0.156209ms)
✔ 四十次低概率结果会每十抽 SSR，第四十抽 UR (0.191375ms)
✔ 家族均匀索引覆盖首尾，五连新伙伴与重复标记逐抽更新 (0.117917ms)
✔ 余额不足、非法数量或随机数拒绝且不改原存档 (0.304333ms)
✔ 五连中途随机输入出错不会扣除邮票或写入部分抽取 (0.0865ms)
✔ 恰好三位不同的已拥有伙伴才能编队，输入和外部数组不被复用 (0.217333ms)
✔ 队伍属性等于三位伙伴当前属性之和 (0.148417ms)
✔ 章节按顺序解锁，旅途中不能换队或另开，开始时清除旧结局 (0.243375ms)
✔ 选择用出发属性快照，及格含等号，结果按成功失败各自推进 (0.215625ms)
✔ 旅途中抽到高稀有卡不改变已经确定的属性快照 (0.087625ms)
✔ 未开旅程、未知选项、重复选项和跳过反馈都明确拒绝 (0.144458ms)
✔ 完整四章都可用初始队伍完成，首通各奖励三邮票 (0.261959ms)
✔ 重读奖励一邮票，可收集第二结局，通关和结局均去重 (0.138709ms)
✔ 结局分数平手时走温柔结局 (0.087958ms)
✔ 本地存档边界接受实际游戏每一步并返回原对象 (1.742417ms)
✔ 损坏数值、收藏、编队和结局存档拒绝，原数据保留 (0.911125ms)
✔ 损坏旅程、反馈和通关结局存档在载入时拒绝 (1.562125ms)
✔ 首页单封抽取真实扣票并仅提交一次，结果打开时重复抽取不结算 (4.650667ms)
✔ 五封逐封揭晓和全部拆开只改变展示，均不额外提交存档 (1.106ms)
✔ 重复点同封、重复全部拆开和无效编号不会增加揭晓数量或写入 (1.324125ms)
✔ 未拆即关闭仍保留已入库伙伴，下一批来信重置揭晓状态 (0.93775ms)
✔ 抽取保存失败时不消费邮票、不打开揭晓，也不留下抽取结果 (0.672709ms)
✔ 编队开始选择和取消仅改变面板，不换队也不写入存档 (1.637375ms)
✔ 回看和关闭已收集结局不开始重读、不领奖、不写入存档 (1.54875ms)
✔ 新旅途正常保存到独立存档，再提交画面状态 (2.791541ms)
✔ 已有合法存档直接读取，不在启动时重写 (0.914583ms)
✔ 重开小程序保留当前回信，继续后正确保存下一幕 (0.8695ms)
✔ 写入失败时原状态不提交，资源与奖励不变化 (0.630333ms)
✔ 无法识别的存档版本禁止新建覆盖，并保留原记录 (0.477208ms)
✔ 损坏存档内容保持只读，禁止静默新建或提交覆盖 (2.483958ms)
✔ 读取存档失败时不覆盖存档 (1.201666ms)
ℹ tests 44
ℹ suites 0
ℹ pass 44
ℹ fail 0
ℹ cancelled 0
ℹ skipped 0
ℹ todo 0
ℹ duration_ms 76.527416
