✓ 只操作指定隔离存档
✓ 真实进度已到首领战
✓ 结束回合按钮完整可见且至少44px
✓ 每次回合真实状态与规则结算一致
✓ 动作展示有界结束
✓ 结束回合按钮完整可见且至少44px
✓ 每次回合真实状态与规则结算一致
✓ 动作展示有界结束
✓ 敌人独立施招与命中阶段均可观察
✓ Boss蓄势800ms、命中读数1200ms、间歇300ms均真实运行
✓ Boss命中数字在后半段仍有可见停留
✓ 高亮范围与真实行动目标相符
✓ 原生特效节点可见
✓ sheep 红色掉血数字与真实损失相等
✓ 原生伤害文字大小清楚
✓ 结束回合按钮完整可见且至少44px
✓ 每次回合真实状态与规则结算一致
✓ 动作展示有界结束
✓ 敌人独立施招与命中阶段均可观察
✓ Boss蓄势800ms、命中读数1200ms、间歇300ms均真实运行
✓ Boss命中数字在后半段仍有可见停留
✓ 高亮范围与真实行动目标相符
✓ 原生特效节点可见
✓ nav 红色掉血数字与真实损失相等
✓ orangecat 红色掉血数字与真实损失相等
✓ sheep 红色掉血数字与真实损失相等
✓ 原生伤害文字大小清楚
✓ 实际首领同时覆盖单体与群体攻击
✓ 原生控制台 error 筛选为空
Boss反馈 pass: /var/folders/_4/8v6tx5gx30qgb8l4648rn5tr0000gn/T/dusk-boss-feedback-WaOAH6
