✓ 实际KEY属于指定隔离副本
→ 8-battle
✓ 原生目标预览允许确认
✓ 真实点击与共享规则预览及RNG完全一致
✓ 真实点击与共享规则预览及RNG完全一致
✓ 原生目标预览允许确认
✓ 真实点击与共享规则预览及RNG完全一致
✓ 原生目标预览允许确认
✓ 真实点击与共享规则预览及RNG完全一致
✓ 真实点击与共享规则预览及RNG完全一致
✓ 原生目标预览允许确认
✓ 真实点击与共享规则预览及RNG完全一致
✓ 真实点击与共享规则预览及RNG完全一致
✓ 原生目标预览允许确认
✓ 真实点击与共享规则预览及RNG完全一致
✓ 原生目标预览允许确认
✓ 真实点击与共享规则预览及RNG完全一致
✓ 原生目标预览允许确认
✓ 真实点击与共享规则预览及RNG完全一致
✓ 原生目标预览允许确认
✓ 真实点击与共享规则预览及RNG完全一致
✓ 真实点击与共享规则预览及RNG完全一致
✓ 原生目标预览允许确认
✓ 真实点击与共享规则预览及RNG完全一致
✓ 真实点击与共享规则预览及RNG完全一致
✓ 原生目标预览允许确认
✓ 真实点击与共享规则预览及RNG完全一致
✓ 真实点击与共享规则预览及RNG完全一致
✓ 原生目标预览允许确认
✓ 真实点击与共享规则预览及RNG完全一致
✓ 原生目标预览允许确认
✓ 真实点击与共享规则预览及RNG完全一致
✓ 回执确认按钮完整可见且不小于44px
✓ 回执持续保留且展示期间不重复结算
✓ 本次原生运行控制台error为空
pass: /var/folders/_4/8v6tx5gx30qgb8l4648rn5tr0000gn/T/dusk-tactics-runtime-h61x9b
