✓ 音频验收使用独立存档
✓ adventure 声音按钮至少44px且无横向溢出
✓ 真实界面已开启音乐和音效
✓ town 实际触发播放回调且播放时间前进
✓ town 没有播放器错误
✓ home 声音按钮至少44px且无横向溢出
✓ town 实际触发播放回调且播放时间前进
✓ town 没有播放器错误
✓ collection 声音按钮至少44px且无横向溢出
✓ town 实际触发播放回调且播放时间前进
✓ town 没有播放器错误
✓ story 声音按钮至少44px且无横向溢出
✓ letter 实际触发播放回调且播放时间前进
✓ letter 没有播放器错误
✓ 页面切换与声音设置不改游戏存档或随机进度
✓ home 声音按钮至少44px且无横向溢出
✓ home 声音按钮至少44px且无横向溢出
✓ home 声音按钮至少44px且无横向溢出
✓ 22个本地音频全部通过原生播放与解码探针
✓ 整个流程最多三个播放器实例
✓ 没有音频加载或播放错误
✓ 控制台 error 筛选为空
音频原生验收 pass: /var/folders/_4/8v6tx5gx30qgb8l4648rn5tr0000gn/T/dusk-audio-native-zrGsgc
