✔ 出发固定三人、12张起始牌和九节点，同种子产生相同路线与首手 (3.483666ms)
✔ 可选起手战术按队伍顺序只替换三张基础攻击，预览使用伙伴真实等级数值 (1.193125ms)
✔ 区域和难度顺序解锁，主线在途/重复出发/无效seed均拒绝 (0.479375ms)
✔ SSR/UR开局仅一次专属牌升级，稀有度数值不超过12% (1.143167ms)
✔ 执行和预览使用同一结算，预览不会消耗RNG或修改存档 (1.081875ms)
✔ 手牌UID和目标实例ID严格校验，同张牌不能重复打出 (0.684792ms)
✔ 74张牌基础与升级效果均通过实际resolver，覆盖全部12种效果 (26.481125ms)
✔ 零费连锁按当前出牌次序结算，消耗牌本战移除且不能形成无限循环 (1.15875ms)
✔ 蓄能最多3层并跨回合保存，高费保留牌按实际费用消费蓄能 (1.510833ms)
✔ 旧活动存档缺少战术与蓄能字段仍按经典0层读取，动作后补齐 (1.025459ms)
✔ 普通战后奖励固定含一张可实际获得的新战术牌 (0.604ms)
✔ 标记逐次消耗、虚弱降主动伤害、回响只追加首个伤害效果 (0.292167ms)
✔ 生命变化字段区分直接伤害、回响、灼烧扣血、治疗与状态施加 (1.198167ms)
✔ 培养档案专属牌和真实牌组共用等级稀有度缩放，被动保持实际固定值 (0.692ms)
✔ 护盾按回合清理，留盾次数消费，反击多次响应且不互相循环 (0.376584ms)
✔ 灼烧无视护盾、倒下者卡牌暂退、胜利后25%生命归队 (0.518834ms)
✔ 致命受击仍完成此次反击，有存活队友则胜后以25%生命归队 (0.265791ms)
✔ 双方最后单位被同次攻击及反击同时击倒时判失败，不领取Boss奖励 (0.404417ms)
✔ 抽牌触及八张上限立即停止，空抽牌堆只洗入当前弃牌且不重复实例 (0.464166ms)
✔ 18件遗物每件实际触发，turn/battle限额和被动不链触发生效 (2.717459ms)
✔ 22位旅伴被动各自真实触发，其他人的出牌不会冒领本人触发 (3.353541ms)
✔ 营地治疗与选牌升级互斥，事件治疗按点数且随机升级可复现 (2.746375ms)
✔ 双阶段切换不结算胜利，敌行动中被反击破甲不跳过第二阶段首意图 (1.539ms)
✔ 召唤最多三个敌人，生成新实例且不能将内容ID作为攻击目标 (3.419334ms)
✔ 三个区域三难度均完整结算，难度奖励倍率与邮票正确 (71.041541ms)
✔ 困难护甲与夜行第三回合增伤真实生效，意图展示与伤害一致 (0.5475ms)
✔ 多敌意图按真实endTurn顺序演算，前排倒下后的后续目标与护盾损失一致 (1.267708ms)
✔ 九节点奖励即时入库，双阶段Boss和区域首通票只发一次 (11.57775ms)
✔ 奖励阶段重复领取被拒绝，撤退或失败保留已入库星线 (0.654667ms)
✔ 1至10级费用逐级上涨、成长只影响下次出发，满级与在途拒绝 (0.378125ms)
✔ 存档边界拒绝损坏的实例ID、牌堆重复、非法阶段和主线冲突 (1.312041ms)
✔ 三支1级R队伍用真实出牌通关普通首本，每局确有六场战斗 (372.997834ms)
ℹ 真实策略模拟 [{"team":"sheep/orangecat/nav","wins":"3/3","ordinaryTurns":[2,3],"bossTurns":[9,10]},{"team":"ramen/sushi/burger","wins":"3/3","ordinaryTurns":[2,3],"bossTurns":[7,8]},{"team":"tea/sunset/moon","wins":"3/3","ordinaryTurns":[2,3],"bossTurns":[8,9]}]
✔ 两套复杂起手战术由初始三位1级R伙伴用公开动作正常通关 (260.825166ms)
ℹ 复杂起手模拟 [{"tactic":"relay","seed":42,"bossTurns":8},{"tactic":"relay","seed":12345,"bossTurns":10},{"tactic":"relay","seed":824596,"bossTurns":8},{"tactic":"reserve","seed":42,"bossTurns":7},{"tactic":"reserve","seed":12345,"bossTurns":9},{"tactic":"reserve","seed":824596,"bossTurns":11}]
✔ 蓄能在胜利后清空，战后奖励与牌组显示原费用 (0.447667ms)
✔ 战术名称与真实固定起手不符时保留坏档并拒绝继续 (0.297625ms)
ℹ tests 35
ℹ suites 0
ℹ pass 35
ℹ fail 0
ℹ cancelled 0
ℹ skipped 0
ℹ todo 0
ℹ duration_ms 846.991375
